[     197ms] [INFO] %cDownload the React DevTools for a better development experience: https://react.dev/link/react-devtools font-weight:bold @ http://localhost:3011/_next/static/chunks/node_modules_next_dist_f3530cac._.js:2297
[     257ms] [LOG] [HMR] connected @ http://localhost:3011/_next/static/chunks/node_modules_next_dist_f3530cac._.js:2297
[     307ms] [ERROR] Failed to load resource: the server responded with a status of 404 (Not Found) @ http://localhost:3011/favicon.ico:0
[  155395ms] [LOG] [Fast Refresh] rebuilding @ http://localhost:3011/_next/static/chunks/node_modules_next_dist_f3530cac._.js:2297
[  155420ms] [LOG] [Fast Refresh] done in 97ms @ http://localhost:3011/_next/static/chunks/node_modules_next_dist_f3530cac._.js:2297
[  162060ms] [LOG] [Fast Refresh] rebuilding @ http://localhost:3011/_next/static/chunks/node_modules_next_dist_f3530cac._.js:2297
[  162085ms] [LOG] [Fast Refresh] done in 16ms @ http://localhost:3011/_next/static/chunks/node_modules_next_dist_f3530cac._.js:2297
[  175695ms] [LOG] [Fast Refresh] rebuilding @ http://localhost:3011/_next/static/chunks/node_modules_next_dist_f3530cac._.js:2297
[  175721ms] [LOG] [Fast Refresh] done in 14ms @ http://localhost:3011/_next/static/chunks/node_modules_next_dist_f3530cac._.js:2297
[  192730ms] [ERROR] WebSocket connection to 'ws://localhost:3011/_next/webpack-hmr?id=hLNvbn3vcItNxHcmIFS-C' failed: Error in connection establishment: net::ERR_CONNECTION_REFUSED @ http://localhost:3011/_next/static/chunks/node_modules_next_dist_client_17643121._.js:10878
[  193735ms] [ERROR] WebSocket connection to 'ws://localhost:3011/_next/webpack-hmr?id=hLNvbn3vcItNxHcmIFS-C' failed: Error in connection establishment: net::ERR_CONNECTION_REFUSED @ http://localhost:3011/_next/static/chunks/node_modules_next_dist_client_17643121._.js:10878
[  194738ms] [ERROR] WebSocket connection to 'ws://localhost:3011/_next/webpack-hmr?id=hLNvbn3vcItNxHcmIFS-C' failed: Error in connection establishment: net::ERR_CONNECTION_REFUSED @ http://localhost:3011/_next/static/chunks/node_modules_next_dist_client_17643121._.js:10878
[  195740ms] [ERROR] WebSocket connection to 'ws://localhost:3011/_next/webpack-hmr?id=hLNvbn3vcItNxHcmIFS-C' failed: Error in connection establishment: net::ERR_CONNECTION_REFUSED @ http://localhost:3011/_next/static/chunks/node_modules_next_dist_client_17643121._.js:10878
[  196744ms] [ERROR] WebSocket connection to 'ws://localhost:3011/_next/webpack-hmr?id=hLNvbn3vcItNxHcmIFS-C' failed: Error in connection establishment: net::ERR_CONNECTION_REFUSED @ http://localhost:3011/_next/static/chunks/node_modules_next_dist_client_17643121._.js:10878
[  201747ms] [ERROR] WebSocket connection to 'ws://localhost:3011/_next/webpack-hmr?id=hLNvbn3vcItNxHcmIFS-C' failed: Error in connection establishment: net::ERR_CONNECTION_REFUSED @ http://localhost:3011/_next/static/chunks/node_modules_next_dist_client_17643121._.js:10878
[  206751ms] [ERROR] WebSocket connection to 'ws://localhost:3011/_next/webpack-hmr?id=hLNvbn3vcItNxHcmIFS-C' failed: Error in connection establishment: net::ERR_CONNECTION_REFUSED @ http://localhost:3011/_next/static/chunks/node_modules_next_dist_client_17643121._.js:10878
[  211755ms] [ERROR] WebSocket connection to 'ws://localhost:3011/_next/webpack-hmr?id=hLNvbn3vcItNxHcmIFS-C' failed: Error in connection establishment: net::ERR_CONNECTION_REFUSED @ http://localhost:3011/_next/static/chunks/node_modules_next_dist_client_17643121._.js:10878
[  216759ms] [ERROR] WebSocket connection to 'ws://localhost:3011/_next/webpack-hmr?id=hLNvbn3vcItNxHcmIFS-C' failed: Error in connection establishment: net::ERR_CONNECTION_REFUSED @ http://localhost:3011/_next/static/chunks/node_modules_next_dist_client_17643121._.js:10878
[  221763ms] [ERROR] WebSocket connection to 'ws://localhost:3011/_next/webpack-hmr?id=hLNvbn3vcItNxHcmIFS-C' failed: Error in connection establishment: net::ERR_CONNECTION_REFUSED @ http://localhost:3011/_next/static/chunks/node_modules_next_dist_client_17643121._.js:10878
[  226772ms] [ERROR] WebSocket connection to 'ws://localhost:3011/_next/webpack-hmr?id=hLNvbn3vcItNxHcmIFS-C' failed: Error in connection establishment: net::ERR_CONNECTION_REFUSED @ http://localhost:3011/_next/static/chunks/node_modules_next_dist_client_17643121._.js:10878
[  231778ms] [ERROR] WebSocket connection to 'ws://localhost:3011/_next/webpack-hmr?id=hLNvbn3vcItNxHcmIFS-C' failed: Error in connection establishment: net::ERR_CONNECTION_REFUSED @ http://localhost:3011/_next/static/chunks/node_modules_next_dist_client_17643121._.js:10878
